[backblue.gif]
[fade.gif]
[index.html]
[daniapi.my.id/assets/img/logos/favicon.png]
[daniapi.my.id/assets/home/js/vendor/modernizr-2.8.3-respond-1.4.2.min.js]
[daniapi.my.id/assets/home/js/vendor/jquery-1.11.2.min.js]
[daniapi.my.id/assets/home/js/vendor/bootstrap.min.js]
[daniapi.my.id/assets/home/js/jquery.magnific-popup.js]
[daniapi.my.id/assets/home/js/jquery.mixitup.min.js]
[daniapi.my.id/assets/home/js/jquery.easing.1.3.js]
[daniapi.my.id/assets/home/js/jquery.masonry.min.js]
[daniapi.my.id/assets/home/css/slick/slick.js]
[daniapi.my.id/assets/home/css/slick/slick.min.js]
[daniapi.my.id/assets/home/js/plugins.js]
[daniapi.my.id/assets/home/js/main.js]
[daniapi.my.id/index.html]
[daniapi.my.id/assets/home/fonts/bootstrapThemesCo-icon9872.eot]
[daniapi.my.id/assets/home/fonts/bootstrapThemesCo-icon9872.ttf]
[daniapi.my.id/assets/home/fonts/bootstrapThemesCo-icon9872.woff]
[daniapi.my.id/assets/home/css/iconfont.css]
[daniapi.my.id/assets/home/css/slick/slick.css]
[daniapi.my.id/assets/home/css/slick/ajax-loader.gif]
[daniapi.my.id/assets/home/css/slick/fonts/slick.eot]
[daniapi.my.id/assets/home/css/slick/fonts/slickd41d.eot]
[daniapi.my.id/assets/home/css/slick/fonts/slick.woff]
[daniapi.my.id/assets/home/css/slick/fonts/slick.ttf]
[daniapi.my.id/assets/home/css/slick/slick-theme.css]
[daniapi.my.id/assets/home/fonts/fontawesome-webfont93e3.eot]
[daniapi.my.id/assets/home/fonts/fontawesome-webfontd41d.eot]
[daniapi.my.id/assets/home/fonts/fontawesome-webfont93e3.woff]
[daniapi.my.id/assets/home/fonts/fontawesome-webfont93e3.ttf]
[daniapi.my.id/assets/home/css/font-awesome.min.css]
[daniapi.my.id/assets/home/css/jquery.fancybox.css]
[daniapi.my.id/assets/home/css/bootstrap.css]
[daniapi.my.id/assets/home/css/bootstrap.min.css]
[daniapi.my.id/assets/home/css/magnific-popup.css]
[daniapi.my.id/assets/home/fonts/fontawesome-webfonte0a5.eot]
[daniapi.my.id/assets/home/fonts/fontawesome-webfonte0a5.woff]
[daniapi.my.id/assets/home/fonts/fontawesome-webfonte0a5.ttf]
[daniapi.my.id/assets/home/css/plugins.css]
[daniapi.my.id/assets/home/css/style.css]
[daniapi.my.id/assets/home/css/responsive.css]
[daniapi.my.id/assets/audio/music.mp3]
[daniapi.my.id/assets/img/backgrounds/rocket.png]
[daniapi.my.id/assets/libs/jquery/dist/jquery.min.js]
[daniapi.my.id/assets/libs/bootstrap/dist/js/bootstrap.bundle.min.js]
[daniapi.my.id/assets/js/sidebarmenu.js]
[daniapi.my.id/assets/js/app.min.js]
[daniapi.my.id/assets/libs/apexcharts/dist/apexcharts.min.js]
[daniapi.my.id/assets/libs/simplebar/dist/simplebar.js]
[daniapi.my.id/assets/js/dashboard.js]
[daniapi.my.id/pages/dashboard.html]
[daniapi.my.id/pages/pricing.html]
[daniapi.my.id/auth/login.html]
[daniapi.my.id/auth/register.html]
[daniapi.my.id/assets/home/fonts/bootstrapThemesCo-icon9872.svg]
[daniapi.my.id/assets/home/css/slick/fonts/slick.svg]
[daniapi.my.id/assets/home/fonts/fontawesome-webfont93e3.html]
[daniapi.my.id/assets/home/fonts/fontawesome-webfont93e3-2.html]
[daniapi.my.id/assets/home/css/fancybox_sprite.html]
[daniapi.my.id/assets/home/css/fancybox_loading.html]
[daniapi.my.id/assets/home/css/blank.html]
[daniapi.my.id/assets/home/css/fancybox_overlay.html]
[daniapi.my.id/assets/home/css/fancybox_sprite@2x.html]
[daniapi.my.id/assets/home/css/fancybox_loading@2x.html]
[daniapi.my.id/assets/home/fonts/glyphicons-halflings-regular.html]
[daniapi.my.id/assets/home/fonts/glyphicons-halflings-regulard41d.html]
[daniapi.my.id/assets/home/fonts/glyphicons-halflings-regular-2.html]
[daniapi.my.id/assets/home/fonts/glyphicons-halflings-regular-3.html]
[daniapi.my.id/assets/home/fonts/glyphicons-halflings-regular-4.html]
[daniapi.my.id/assets/home/fonts/glyphicons-halflings-regular-5.html]
[daniapi.my.id/assets/home/fonts/fontawesome-webfonte0a5.html]
[daniapi.my.id/assets/home/fonts/fontawesome-webfonte0a5-2.html]
[daniapi.my.id/assets/home/images/loading.html]
[daniapi.my.id/assets/home/images/homebg.html]
[daniapi.my.id/assets/home/images/counterbg.html]
[daniapi.my.id/assets/home/images/teambg.html]
[daniapi.my.id/assets/home/images/teambg2.html]
[daniapi.my.id/assets/home/images/testbg.html]
[daniapi.my.id/assets/home/images/trailbg.html]
[daniapi.my.id/assets/css/styles.min.css]
[daniapi.my.id/assets/css/example-code.css]
[daniapi.my.id/assets/img/profile/user-1.png]
[daniapi.my.id/pages/profile.html]
[daniapi.my.id/pages/account.html]
[daniapi.my.id/auth/logout.html]
[daniapi.my.id/features/downloader.html]
[daniapi.my.id/features/searcher.html]
[daniapi.my.id/assets/libs/simplebar/dist/simplebar.css]
[daniapi.my.id/assets/css/icons/tabler-icons/fonts/tabler-icons.eot]
[daniapi.my.id/assets/css/icons/tabler-icons/fonts/tabler-iconsd41d.eot]
[daniapi.my.id/assets/css/icons/tabler-icons/fonts/tabler-icons.woff2]
[daniapi.my.id/assets/css/icons/tabler-icons/fonts/tabler-icons.woff]
[daniapi.my.id/assets/css/icons/tabler-icons/fonts/tabler-icons.ttf]
[daniapi.my.id/assets/css/icons/tabler-icons/tabler-icons.css]
[daniapi.my.id/assets/css/profile.css]
[daniapi.my.id/assets/css/responsive.css]
[daniapi.my.id/api/downloader/youtube-audio84fa.html]
[daniapi.my.id/api/downloader/youtube-video84fa.html]
[daniapi.my.id/api/downloader/youtube-play-audioed7c.html]
[daniapi.my.id/api/downloader/youtube-play-videoed7c.html]
[daniapi.my.id/api/downloader/facebook6fb9.html]
[daniapi.my.id/api/downloader/instagram77f3.html]
[daniapi.my.id/api/downloader/twitterb35f.html]
[daniapi.my.id/api/downloader/tiktok0aeb.html]
[daniapi.my.id/api/downloader/tiktok-v20aeb.html]
[daniapi.my.id/api/downloader/mediafireadd4.html]
[daniapi.my.id/api/downloader/sfilemobi3893.html]
[daniapi.my.id/api/downloader/soundcloud4a26.html]
[daniapi.my.id/api/searcher/youtubeed7c.html]
[daniapi.my.id/assets/css/icons/tabler-icons/fonts/tabler-icons.svg]
[daniapi.my.id/assets/css/bg.html]
